---
http_interactions:
- request:
    method: post
    uri: https://192.168.99.100:2376/v1.16/containers/create
    body:
      encoding: UTF-8
      string: '{"Cmd":["false"],"Image":"debian:wheezy"}'
    headers:
      User-Agent:
      - Swipely/Docker-API 1.23.0
      Content-Type:
      - application/json
  response:
    status:
      code: 201
      message: 
    headers:
      Content-Type:
      - application/json
      Server:
      - Docker/1.9.0 (linux)
      Date:
      - Wed, 18 Nov 2015 10:33:36 GMT
      Content-Length:
      - '90'
    body:
      encoding: UTF-8
      string: |
        {"Id":"d084daba1de52c5bd9b5f5d830d77b38d67ae671a6ce7f3e664dd66d788bf01b","Warnings":null}
    http_version: 
  recorded_at: Wed, 18 Nov 2015 10:33:36 GMT
- request:
    method: post
    uri: https://192.168.99.100:2376/v1.16/containers/d084daba1de52c5bd9b5f5d830d77b38d67ae671a6ce7f3e664dd66d788bf01b/start
    body:
      encoding: UTF-8
      string: "{}"
    headers:
      User-Agent:
      - Swipely/Docker-API 1.23.0
      Content-Type:
      - application/json
  response:
    status:
      code: 204
      message: 
    headers:
      Server:
      - Docker/1.9.0 (linux)
      Date:
      - Wed, 18 Nov 2015 10:33:36 GMT
    body:
      encoding: UTF-8
      string: ''
    http_version: 
  recorded_at: Wed, 18 Nov 2015 10:33:36 GMT
- request:
    method: post
    uri: https://192.168.99.100:2376/v1.16/containers/d084daba1de52c5bd9b5f5d830d77b38d67ae671a6ce7f3e664dd66d788bf01b/wait
    body:
      encoding: US-ASCII
      string: ''
    headers:
      User-Agent:
      - Swipely/Docker-API 1.23.0
      Content-Type:
      - text/plain
  response:
    status:
      code: 200
      message: 
    headers:
      Content-Type:
      - application/json
      Server:
      - Docker/1.9.0 (linux)
      Date:
      - Wed, 18 Nov 2015 10:33:36 GMT
      Content-Length:
      - '17'
    body:
      encoding: UTF-8
      string: |
        {"StatusCode":1}
    http_version: 
  recorded_at: Wed, 18 Nov 2015 10:33:36 GMT
- request:
    method: delete
    uri: https://192.168.99.100:2376/v1.16/containers/d084daba1de52c5bd9b5f5d830d77b38d67ae671a6ce7f3e664dd66d788bf01b
    body:
      encoding: US-ASCII
      string: ''
    headers:
      User-Agent:
      - Swipely/Docker-API 1.23.0
      Content-Type:
      - text/plain
  response:
    status:
      code: 204
      message: 
    headers:
      Server:
      - Docker/1.9.0 (linux)
      Date:
      - Wed, 18 Nov 2015 10:33:37 GMT
    body:
      encoding: UTF-8
      string: ''
    http_version: 
  recorded_at: Wed, 18 Nov 2015 10:33:36 GMT
recorded_with: VCR 3.0.0
